// Jest Snapshot v1, https://goo.gl/fbAQLP

exports[`<App /> should render and match the snapshot 1`] = `
<Provider
  store={
    Object {
      "@@observable": [Function],
      "createReducer": [Function],
      "dispatch": [Function],
      "getState": [Function],
      "injectedReducers": Object {},
      "injectedSagas": Object {},
      "replaceReducer": [Function],
      "runSaga": [Function],
      "subscribe": [Function],
    }
  }
>
  <ForwardRef(SafeAreaView)
    style={
      Object {
        "backgroundColor": "#F3F3F3",
      }
    }
  >
    <StatusBar
      animated={false}
      barStyle="dark-content"
      showHideTransition="fade"
    />
    <ScrollView
      contentInsetAdjustmentBehavior="automatic"
      style={
        Object {
          "backgroundColor": "#F3F3F3",
        }
      }
    >
      <Header />
      <View
        style={
          Object {
            "backgroundColor": "#FFF",
          }
        }
      >
        <Section
          title="Step One"
        >
          Edit 
          <Text
            style={
              Object {
                "fontWeight": "700",
              }
            }
          >
            App.tsx
          </Text>
           to change this screen and then come back to see your edits.
        </Section>
        <Section
          title="See Your Changes"
        >
          <ios />
        </Section>
        <Section
          title="Debug"
        >
          <ios />
        </Section>
        <Section
          title="Learn More"
        >
          Read the docs to discover what to do next:
        </Section>
        <LinkList />
      </View>
    </ScrollView>
  </ForwardRef(SafeAreaView)>
</Provider>
`;
